../Core/Src/byteProtocol.c:18:17:ring_available	8	static
../Core/Src/byteProtocol.c:23:17:ring_free	8	static
../Core/Src/byteProtocol.c:27:13:ring_push	24	static
../Core/Src/byteProtocol.c:39:9:Calculate_CRC8	24	static
../Core/Src/byteProtocol.c:50:13:process_complete_packet	48	static
../Core/Src/byteProtocol.c:74:13:parse_ring_buffer	32	static
../Core/Src/byteProtocol.c:100:6:ByteProtocol_Init	8	static
../Core/Src/byteProtocol.c:110:6:HAL_UARTEx_RxEventCallback	16	static
../Core/Src/byteProtocol.c:118:6:HAL_UART_ErrorCallback	16	static
